Alias A@10 in rule S is undefined
Alias B@15 in rule S is undefined
Alias D@10 in rule S is undefined
Alias E@10 in rule S is undefined
Alias F@10 in rule S is undefined