Arity mismatch when calling A in rule S
Arity mismatch when calling B in rule S
Arity mismatch when calling C in rule S
Arity mismatch when calling D in rule S
Arity mismatch when calling E in rule S