x isn't a guaranteed attribute on A in rule S
b isn't a guaranteed attribute on A in rule S
c isn't a guaranteed attribute on A in rule S
x isn't a guaranteed attribute on A in rule S