S
  -> B@0[0, EOI]
     A@0[0, B@0.START];

A
  -> "a"[EOI - 1, EOI];

B
  -> "b"[EOI - 1, EOI];