S -> A */ ;
       ^
Unexpected closing comment at line 1, column 8.